// Jest Snapshot v1, https://goo.gl/fbAQLP

exports[`text parse media  1`] = `
Object {
  "selector": Object {
    "@media screen and (max-width: 120em)": Object {},
    "@media screen and (max-width: 50em)": Object {
      "visibility": "hidden",
    },
    "@media screen and (max-width: 80em)": Object {},
    "@media screen and (max-width: 93em)": Object {},
  },
}
`;
