// Jest Snapshot v1, https://goo.gl/fbAQLP

exports[`parse module toString 1`] = `
"height: 100%;
justify-content: center;
@media screen and (max-width: 120em) {
  font-size: 40px;
  width: 700px;
}
@media screen and (max-width: 93em) {
  width: 500px;
  background-color: #fafafa;
  color: rgba(0, 0, 0, 0.87);
}
@media screen and (max-width: 80em) {
  width: 300px;
  background-color: #fafafa;
  color: rgba(0, 0, 0, 0.87);
}
@media screen and (max-width: 50em) {
  width: 200px;
  background-color: #fff;
  color: rgba(0, 0, 0, 0.87);
}
"
`;
